32
Stack is not empty
[Integer 32,Integer 5,Integer 2]